
Memory Configuration

Name             Origin             Length             Attributes
ram              0x80000000         0x00500000         xrw
*default*        0x00000000         0xffffffff

Linker script and memory map

                0x00000000                __DYNAMIC=0x0
                0x00400000                PROVIDE (__stack, 0x400000)
                0x00000000                PROVIDE (hardware_init_hook, 0x0)
                0x00000000                PROVIDE (_hardware_init_hook, 0x0)
                0x00000000                PROVIDE (software_init_hook, 0x0)
                0x00000000                PROVIDE (_software_init_hook, 0x0)

.text           0x80000000    0x2f2b0
 *(.text)
 .text          0x80000000      0x78a S2_TV_SAT_Presets.o
                0x80000732                S2_TV_SAT_PresetsEventHandler00000
                0x80000646                S2_TV_SAT_Presets_main
                0x8000058a                S2_TV_SAT_Presets_EventHandler
 *fill*         0x8000078a        0x2
 .text          0x8000078c      0x828 S2_Bramka_Connected.o
                0x80000d98                S2_Bramka_ConnectedEventHandler00000
                0x80000d04                S2_Bramka_ConnectedWAITON
                0x800008aa                S2_Bramka_ConnectedEventHandler00002
                0x80000bb4                S2_Bramka_Connected_main
                0x80000ea6                S2_Bramka_ConnectedEventHandler00001
                0x80000ac8                S2_Bramka_Connected_EventHandler
                0x80000d4e                S2_Bramka_ConnectedWAITOFF
 .text          0x80000fb4     0x105c S2_BRAMKA__MAIN.o
                0x80000fb4                S2_BRAMKA__MAINEventHandler00000
                0x800019d0                S2_BRAMKA__MAIN_EventHandler
                0x80001382                S2_BRAMKA__MAINEventHandler00006
                0x80001f1a                S2_BRAMKA__MAINEventHandler00005
                0x80001104                S2_BRAMKA__MAINEventHandler00003
                0x80001ec2                S2_BRAMKA__MAINEventHandler00004
                0x80001e6c                S2_BRAMKA__MAINEventHandler00002
                0x80001dfa                S2_BRAMKA__MAINEventHandler00001
                0x80001b7c                S2_BRAMKA__MAIN_main
                0x80001f90                S2_BRAMKA__MAINEventHandler00007
 .text          0x80002010      0xb2e S2_BRAMKA_tryb.o
                0x800025bc                S2_BRAMKA_tryb_main
                0x80002986                S2_BRAMKA_trybEventHandler00003
                0x80002010                S2_BRAMKA_trybEventHandler00000
                0x80002876                S2_BRAMKA_trybEventHandler00002
                0x80002758                S2_BRAMKA_trybEventHandler00001
                0x80002a96                S2_BRAMKA_trybEventHandler00004
                0x80002266                S2_BRAMKA_trybEventHandler00005
                0x800024e2                S2_BRAMKA_tryb_EventHandler
 *fill*         0x80002b3e        0x2
 .text          0x80002b40      0x38a S2_BRAMKA_dig_pulse.o
                0x80002b40                S2_BRAMKA_dig_pulseEventHandler00000
                0x80002dde                S2_BRAMKA_dig_pulse_EventHandler
                0x80002e84                S2_BRAMKA_dig_pulse_main
 *fill*         0x80002eca        0x2
 .text          0x80002ecc      0xd44 S2_BRAMKA_dig.o
                0x80003a92                S2_BRAMKA_digEventHandler00002
                0x800039e6                S2_BRAMKA_digEventHandler00000
                0x800038aa                S2_BRAMKA_dig_main
                0x80003b3a                S2_BRAMKA_digEventHandler00003
                0x800031da                S2_BRAMKA_dig__SPLS_TMPVAR__WAITLABEL_1__
                0x80003784                S2_BRAMKA_dig_EventHandler
                0x80002ecc                S2_BRAMKA_dig__SPLS_TMPVAR__WAITLABEL_0__
                0x800034aa                S2_BRAMKA_digEventHandler00001
                0x80003342                S2_BRAMKA_dig__SPLS_TMPVAR__WAITLABEL_2__
 .text          0x80003c10     0x1246 S2_BRAMKA_dim_one.o
                0x80004cfe                S2_BRAMKA_dim_one_EventHandler
                0x800045e0                S2_BRAMKA_dim_oneEventHandler00006
                0x800042e0                S2_BRAMKA_dim_oneEventHandler00004
                0x80003e60                S2_BRAMKA_dim_oneEventHandler00001
                0x80004de2                S2_BRAMKA_dim_one_main
                0x80004160                S2_BRAMKA_dim_oneEventHandler00003
                0x80003c10                S2_BRAMKA_dim_oneEventHandler00000
                0x80003fe0                S2_BRAMKA_dim_oneEventHandler00002
                0x800047d0                S2_BRAMKA_dim_oneEventHandler00007
                0x80004460                S2_BRAMKA_dim_oneEventHandler00005
 *fill*         0x80004e56        0x2
 .text          0x80004e58      0x37c S2_BRAMKA_dig_All_Off.o
                0x80004e58                S2_BRAMKA_dig_All_OffEventHandler00000
                0x80005030                S2_BRAMKA_dig_All_Off_EventHandler
                0x800050d6                S2_BRAMKA_dig_All_Off_main
 .text          0x800051d4      0x328 S2_AnalogToSerial.o
                0x800051d4                S2_AnalogToSerialEventHandler00000
                0x8000546a                S2_AnalogToSerial_main
                0x800053ca                S2_AnalogToSerial_EventHandler
 .text          0x800054fc     0x11f4 S2_BRAMKA_dim_one_KNX.o
                0x800060bc                S2_BRAMKA_dim_one_KNXEventHandler00007
                0x80005ecc                S2_BRAMKA_dim_one_KNXEventHandler00006
                0x8000667c                S2_BRAMKA_dim_one_KNX_main
                0x80005a4c                S2_BRAMKA_dim_one_KNXEventHandler00003
                0x800058cc                S2_BRAMKA_dim_one_KNXEventHandler00002
                0x80005d4c                S2_BRAMKA_dim_one_KNXEventHandler00005
                0x800054fc                S2_BRAMKA_dim_one_KNXEventHandler00000
                0x8000574c                S2_BRAMKA_dim_one_KNXEventHandler00001
                0x80005bcc                S2_BRAMKA_dim_one_KNXEventHandler00004
                0x80006598                S2_BRAMKA_dim_one_KNX_EventHandler
 .text          0x800066f0      0x5e0 S2_BRAMKA_rol.o
                0x80006c46                S2_BRAMKA_rol_EventHandler
                0x8000686e                S2_BRAMKA_rolEventHandler00001
                0x800066f0                S2_BRAMKA_rolEventHandler00000
                0x80006c00                S2_BRAMKA_rol_main
                0x800069ec                S2_BRAMKA_rolEventHandler00002
 .text          0x80006cd0     0x167c S2_BRAMKA_pogoda.o
                0x800074ee                S2_BRAMKA_pogodaEventHandler00004
                0x800082da                S2_BRAMKA_pogoda_main
                0x80006cd0                S2_BRAMKA_pogodaEventHandler00000
                0x80007704                S2_BRAMKA_pogodaEventHandler00005
                0x80008214                S2_BRAMKA_pogoda_EventHandler
                0x800070c2                S2_BRAMKA_pogodaEventHandler00002
                0x800072d8                S2_BRAMKA_pogodaEventHandler00003
                0x80006eac                S2_BRAMKA_pogodaEventHandler00001
 .text          0x8000834c     0x172e S2_BRAMKA_BIQ.o
                0x8000879c                S2_BRAMKA_BIQEventHandler00008
                0x800092e8                S2_BRAMKA_BIQEventHandler00000
                0x80009544                S2_BRAMKA_BIQEventHandler00002
                0x800098ce                S2_BRAMKA_BIQEventHandler00005
                0x800084cc                S2_BRAMKA_BIQWAITSCENA
                0x80009224                S2_BRAMKA_BIQ_main
                0x800099fc                S2_BRAMKA_BIQEventHandler00006
                0x80009672                S2_BRAMKA_BIQEventHandler00003
                0x80009416                S2_BRAMKA_BIQEventHandler00001
                0x800097a0                S2_BRAMKA_BIQEventHandler00004
                0x8000914a                S2_BRAMKA_BIQ_EventHandler
                0x800085fe                S2_BRAMKA_BIQEventHandler00007
 *fill*         0x80009a7a        0x2
 .text          0x80009a7c      0x6cc S2_BRAMKA_WORD.o
                0x8000a034                S2_BRAMKA_WORDEventHandler00000
                0x80009f14                S2_BRAMKA_WORD_main
                0x80009e16                S2_BRAMKA_WORD_EventHandler
                0x80009a7c                S2_BRAMKA_WORDEventHandler00001
                0x80009bf8                S2_BRAMKA_WORDEventHandler00002
 .text          0x8000a148      0xf30 S2_BRAMKA_SatelZone.o
                0x8000a60c                S2_BRAMKA_SatelZoneEventHandler00003
                0x8000a48a                S2_BRAMKA_SatelZoneEventHandler00002
                0x8000ad5c                S2_BRAMKA_SatelZone_EventHandler
                0x8000a308                S2_BRAMKA_SatelZoneEventHandler00001
                0x8000ae74                S2_BRAMKA_SatelZone_main
                0x8000af6e                S2_BRAMKA_SatelZoneEventHandler00000
 .text          0x8000b078     0x1076 S2_Keyboard.o
                0x8000b8f8                S2_KeyboardEventHandler00003
                0x8000b538                S2_KeyboardEventHandler00001
                0x8000bc14                S2_KeyboardEventHandler00005
                0x8000c02c                S2_Keyboard_main
                0x8000b320                S2_KeyboardEventHandler00000
                0x8000b750                S2_KeyboardEventHandler00002
                0x8000bf8c                S2_Keyboard_EventHandler
                0x8000baac                S2_KeyboardEventHandler00004
 *fill*         0x8000c0ee        0x2
 .text          0x8000c0f0      0x344 S2_Multiple_Serial_Send.o
                0x8000c348                S2_Multiple_Serial_SendEventHandler00000
                0x8000c2a4                S2_Multiple_Serial_Send_main
                0x8000c1e8                S2_Multiple_Serial_Send_EventHandler
 .text          0x8000c434      0xe54 S2_Zone_multiroom.o
                0x8000d218                S2_Zone_multiroomEventHandler00007
                0x8000cce0                S2_Zone_multiroom_main
                0x8000d058                S2_Zone_multiroomEventHandler00004
                0x8000cf34                S2_Zone_multiroomEventHandler00002
                0x8000d10c                S2_Zone_multiroomEventHandler00005
                0x8000cfe4                S2_Zone_multiroomEventHandler00003
                0x8000cc02                S2_Zone_multiroom_EventHandler
                0x8000c9ac                S2_Zone_multiroomEventHandler00006
                0x8000cde6                S2_Zone_multiroomEventHandler00000
                0x8000ce5c                S2_Zone_multiroomEventHandler00001
 .text          0x8000d288      0x454 S2_TimeToString.o
                0x8000d5d6                S2_TimeToString_EventHandler
                0x8000d288                S2_TimeToStringEventHandler00000
                0x8000d676                S2_TimeToString_main
 .text          0x8000d6dc      0xc2c S2_Multiroom_iPhone.o
                0x8000deae                S2_Multiroom_iPhone_EventHandler
                0x8000e224                S2_Multiroom_iPhoneEventHandler00003
                0x8000e092                S2_Multiroom_iPhoneEventHandler00000
                0x8000dc74                S2_Multiroom_iPhoneEventHandler00005
                0x8000e298                S2_Multiroom_iPhoneEventHandler00006
                0x8000e198                S2_Multiroom_iPhoneEventHandler00002
                0x8000db48                S2_Multiroom_iPhoneEventHandler00004
                0x8000e10c                S2_Multiroom_iPhoneEventHandler00001
                0x8000df8c                S2_Multiroom_iPhone_main
 .text          0x8000e308      0xbf4 S2_Multiroom.o
                0x8000ee18                S2_MultiroomEventHandler00003
                0x8000ec18                S2_MultiroomEventHandler00000
                0x8000ee8c                S2_MultiroomEventHandler00006
                0x8000e6ce                S2_MultiroomEventHandler00004
                0x8000eb12                S2_Multiroom_main
                0x8000ec90                S2_MultiroomEventHandler00001
                0x8000e7fa                S2_MultiroomEventHandler00005
                0x8000ed68                S2_MultiroomEventHandler00002
                0x8000ea34                S2_Multiroom_EventHandler
 .text          0x8000eefc     0x6072 S2_iPhone_XML_Processor_v1_0_0.o
                0x80013dfa                S2_iPhone_XML_Processor_v1_0_0EventHandler00002
                0x8001413e                S2_iPhone_XML_Processor_v1_0_0EventHandler00003
                0x8001446a                S2_iPhone_XML_Processor_v1_0_0_main
                0x80014f24                S2_iPhone_XML_Processor_v1_0_0EventHandler00005
                0x800142d0                S2_iPhone_XML_Processor_v1_0_0_EventHandler
                0x80013b9a                S2_iPhone_XML_Processor_v1_0_0EventHandler00001
                0x80012096                S2_iPhone_XML_Processor_v1_0_0EventHandler00000
                0x80014e9e                S2_iPhone_XML_Processor_v1_0_0EventHandler00004
 *fill*         0x80014f6e        0x2
 .text          0x80014f70     0x88b2 S2_Sharp_LC_52LE925UN_v1_1_Processor.o
                0x8001949e                S2_Sharp_LC_52LE925UN_v1_1_ProcessorEventHandler0000A
                0x80018c74                S2_Sharp_LC_52LE925UN_v1_1_ProcessorEventHandler00005
                0x8001d502                S2_Sharp_LC_52LE925UN_v1_1_Processor_main
                0x80019960                S2_Sharp_LC_52LE925UN_v1_1_ProcessorEventHandler0000D
                0x8001ba54                S2_Sharp_LC_52LE925UN_v1_1_ProcessorEventHandler0000E
                0x80019172                S2_Sharp_LC_52LE925UN_v1_1_ProcessorEventHandler00008
                0x80018e1e                S2_Sharp_LC_52LE925UN_v1_1_ProcessorEventHandler00006
                0x8001c762                S2_Sharp_LC_52LE925UN_v1_1_ProcessorEventHandler0000F
                0x8001d3be                S2_Sharp_LC_52LE925UN_v1_1_Processor_EventHandler
                0x80019308                S2_Sharp_LC_52LE925UN_v1_1_ProcessorEventHandler00009
                0x800197ca                S2_Sharp_LC_52LE925UN_v1_1_ProcessorEventHandler0000C
                0x80018aca                S2_Sharp_LC_52LE925UN_v1_1_ProcessorEventHandler00004
                0x80018fc8                S2_Sharp_LC_52LE925UN_v1_1_ProcessorEventHandler00007
                0x80018422                S2_Sharp_LC_52LE925UN_v1_1_ProcessorEventHandler00000
                0x80018920                S2_Sharp_LC_52LE925UN_v1_1_ProcessorEventHandler00003
                0x80019634                S2_Sharp_LC_52LE925UN_v1_1_ProcessorEventHandler0000B
                0x80018776                S2_Sharp_LC_52LE925UN_v1_1_ProcessorEventHandler00002
                0x800185cc                S2_Sharp_LC_52LE925UN_v1_1_ProcessorEventHandler00001
 *fill*         0x8001d822        0x2
 .text          0x8001d824     0x5de4 S2_Oppo_Time_Processor_v1_0.o
                0x80023314                S2_Oppo_Time_Processor_v1_0_main
                0x80021308                S2_Oppo_Time_Processor_v1_0EventHandler00001
                0x80021bac                S2_Oppo_Time_Processor_v1_0EventHandler00003
                0x80021cec                S2_Oppo_Time_Processor_v1_0EventHandler00004
                0x80023274                S2_Oppo_Time_Processor_v1_0_EventHandler
                0x8001d824                S2_Oppo_Time_Processor_v1_0EventHandler00000
                0x80021448                S2_Oppo_Time_Processor_v1_0EventHandler00002
                0x80022b6a                S2_Oppo_Time_Processor_v1_0EventHandler00006
                0x80022450                S2_Oppo_Time_Processor_v1_0EventHandler00005
 .text          0x80023608      0x192 S2_Czujniki_EN_Reboot.o
                0x800236f4                S2_Czujniki_EN_RebootEventHandler00000
                0x80023608                S2_Czujniki_EN_Reboot_EventHandler
                0x800236ae                S2_Czujniki_EN_Reboot_main
 *fill*         0x8002379a        0x2
 .text          0x8002379c     0x5836 library.o
                0x80027988                RotateRightLong
                0x80027f96                IsSystem
                0x800278ec                Seed
                0x800251e4                Remove
                0x80027568                Ltoa
                0x80027294                Atoi
                0x800265fc                InitRampInfoArray
                0x80027d42                Right
                0x80028d72                LockInputSema
                0x80027816                Mod
                0x800279fe                Getc
                0x8002774a                SMuldiv
                0x80027f78                IsHidden
                0x8002762e                Min
                0x80028b86                hextosi
                0x8002811c                WriteIntegerArray
                0x80028692                GetSignedIntArrayElementPtr
                0x80026fb6                CheckStructArray
                0x80028b9a                hextosl
                0x800282a2                WriteSignedIntegerArray
                0x80026c7e                InitStringParamArray
                0x80025f50                ReadSignedLongIntegerArray
                0x80024e72                GatherToDelimiter
                0x80026aa2                InitStringArray
                0x80027608                Max
                0x80027fd2                IsReadOnly
                0x80027712                SMax
                0x80025016                GatherByLength
                0x800274a2                Chr
                0x800280f4                ReadSignedLongInteger
                0x80027520                Itohex
                0x80026f28                GetStructArrayElement
                0x8002721c                UNS_SetByte
                0x80027d16                ReverseFindi
                0x800263f8                ReadStringArray
                0x800284a2                GetIntArrayElementPtr
                0x80027b52                Lower
                0x80027908                RotateLeft
                0x80028cba                ResizeIfAutogrow
                0x80026728                CheckInputArray
                0x80023d0a                ResizeStringArray
                0x80027434                Atosl
                0x8002725c                High
                0x800278b8                Rnd
                0x800277da                UMod
                0x8002795e                RotateLeftLong
                0x80028de6                FindNumericChar
                0x800288ea                CheckIOArrayBounds2
                0x80027f30                MakeProgramFilename
                0x8002772e                SMin
                0x80027a86                Left
                0x800279c8                CheckBufferThreshold
                0x800280ac                ReadSignedInteger
                0x80027286                LowWord
                0x8002379c                Bit
                0x8002805c                ReadLongInteger
                0x8002709a                Byte
                0x8002859a                GetLongArrayElementPtr
                0x80027ce8                ReverseFind
                0x80027f46                GetSeries
                0x80028eb2                InitTcpServer
                0x80027b3a                Len
                0x800289ba                InitializeRampInfoInternal
                0x80027654                Divide
                0x800273a0                Atol
                0x80027f3c                GetModelNumber
                0x80028882                CheckIOArrayBounds
                0x80026782                CheckStringInputArray
                0x80028364                WriteSignedLongIntegerArray
                0x80026e72                GetStringArrayElement
                0x800275ac                Ltohex
                0x800274d8                Itoa
                0x80027932                RotateRight
                0x800254d2                InternalReverseFind
                0x8002803c                WriteLongInteger
                0x800269a6                InitDynamicStringStruct
                0x80026898                SetStringArray
                0x80025d2e                ReadSignedIntegerArray
                0x800267dc                SetOutputArray
                0x80027fec                WriteInteger
                0x80026e06                InitStructDynamicArray
                0x8002575c                SetString
                0x80027852                Random
                0x80028084                WriteSignedInteger
                0x80023a00                Find
                0x80027f50                GetProgramNumber
                0x80027c26                Mid
                0x80028e24                InitTcpClient
                0x800248ee                ResizeStructArray
                0x8002878a                GetSignedLongArrayElementPtr
                0x80028bac                hextol
                0x80026172                ReadString
                0x80026b38                InitDynamicStringArray
                0x80028c92                UpperChar
                0x80027330                Atosi
                0x80028014                ReadInteger
                0x800276c6                Muldiv
                0x8002684a                SetStringOutputArray
                0x80028428                WriteString
                0x80024362                ResizeIntegerArray
                0x800266f0                InitInOutArray
                0x80026d46                InitNvramStringArray
                0x800275f0                Abs
                0x80027796                SDivide
                0x800258ec                ReadIntegerArray
                0x800238ac                CompareStrings
                0x80028c6a                LowerChar
                0x80028f42                InitUdpSocket
                0x800279b0                ClearBuffer
                0x80027dfe                Upper
                0x80026de2                InitStructArray
                0x80027ed4                MakeLower
                0x80027fb4                IsVolume
                0x8002533e                RemoveByLength
                0x80027032                CheckStringOutputArrayIndex
                0x800281de                WriteLongIntegerArray
                0x80028a66                InitRampInfoStructArray
                0x80027278                HighWord
                0x80023b74                ResizeString
                0x80027f5a                IsDirectory
                0x80025b0c                ReadLongIntegerArray
                0x8002726a                Low
                0x80024d18                Gather
                0x80027f02                MakeUpper
                0x80026968                InitStringStruct
                0x80028952                CheckStringArrayBounds
                0x80027698                CheckDenominator
                0x80028b6e                hextoi
                0x80026290                WriteStringArray
                0x8002715a                SetByte
                0x80028a10                InitializeRampInfo
                0x80028dac                UnLockInputSema
                0x800280d4                WriteSignedLongInteger
                0x80026a5a                InitNvramStringStruct
 *fill*         0x80028fd2        0xe
                0x80028fe0                .=ALIGN(0x10)
 *(.eh_frame)
                0x80028fe0                .=ALIGN(0x10)
 *(.gnu.linkonce.t.*)
                0x80028fe0                .=ALIGN(0x4)
                0x80028fe0                __CTOR_LIST__=.
                0x80028fe0                ___CTOR_LIST__=.
                0x80028fe0        0x4 LONG 0x0 (((__CTOR_END__-__CTOR_LIST__)/0x4)-0x2)
 *(.ctors)
                0x80028fe4        0x4 LONG 0x0
                0x80028fe8                __CTOR_END__=.
                0x80028fe8                __DTOR_LIST__=.
                0x80028fe8                ___DTOR_LIST__=.
                0x80028fe8        0x4 LONG 0x0 (((__DTOR_END__-__DTOR_LIST__)/0x4)-0x2)
 *(.dtors)
                0x80028fec        0x4 LONG 0x0
                0x80028ff0                __DTOR_END__=.
 *(.rodata)
 .rodata        0x80028ff0      0x253 S2_TV_SAT_Presets.o
 .rodata        0x80029243      0x29a S2_Bramka_Connected.o
 .rodata        0x800294dd      0x37b S2_BRAMKA__MAIN.o
 .rodata        0x80029858      0x2c2 S2_BRAMKA_tryb.o
 .rodata        0x80029b1a      0x2b0 S2_BRAMKA_dig_pulse.o
 .rodata        0x80029dca      0x382 S2_BRAMKA_dig.o
 .rodata        0x8002a14c      0x305 S2_BRAMKA_dim_one.o
 .rodata        0x8002a451      0x298 S2_BRAMKA_dig_All_Off.o
 .rodata        0x8002a6e9      0x281 S2_AnalogToSerial.o
 .rodata        0x8002a96a      0x2f6 S2_BRAMKA_dim_one_KNX.o
 .rodata        0x8002ac60      0x297 S2_BRAMKA_rol.o
 .rodata        0x8002aef7      0x3a0 S2_BRAMKA_pogoda.o
 .rodata        0x8002b297      0x369 S2_BRAMKA_BIQ.o
 .rodata        0x8002b600      0x2a1 S2_BRAMKA_WORD.o
 .rodata        0x8002b8a1      0x362 S2_BRAMKA_SatelZone.o
 .rodata        0x8002bc03      0x2d3 S2_Keyboard.o
 .rodata        0x8002bed6      0x242 S2_Multiple_Serial_Send.o
 .rodata        0x8002c118      0x24b S2_Zone_multiroom.o
 .rodata        0x8002c363      0x2e9 S2_TimeToString.o
 .rodata        0x8002c64c      0x24b S2_Multiroom_iPhone.o
 .rodata        0x8002c897      0x24b S2_Multiroom.o
 .rodata        0x8002cae2      0xb9a S2_iPhone_XML_Processor_v1_0_0.o
 .rodata        0x8002d67c      0x730 S2_Sharp_LC_52LE925UN_v1_1_Processor.o
 .rodata        0x8002ddac      0x666 S2_Oppo_Time_Processor_v1_0.o
 .rodata        0x8002e412      0x22f S2_Czujniki_EN_Reboot.o
 .rodata        0x8002e641      0xc54 library.o
 *(.gcc_except_table)
 *fill*         0x8002f295        0x1
                0x8002f296                .=ALIGN(0x2)
                0x8002f296                __INIT_SECTION__=.
                0x8002f296        0x4 LONG 0x4e560000
 *(.init)
                0x8002f29a        0x2 SHORT 0x4e5e
                0x8002f29c        0x2 SHORT 0x4e75
                0x8002f29e                __FINI_SECTION__=.
                0x8002f29e        0x4 LONG 0x4e560000
 *(.fini)
                0x8002f2a2        0x2 SHORT 0x4e5e
                0x8002f2a4        0x2 SHORT 0x4e75
 *(.lit)
 *fill*         0x8002f2a6        0xa
                0x8002f2b0                .=ALIGN(0x10)
                0x8002f2b0                _etext=.
                0x8002f2b0                etext=.

.data           0x8002f2b0        0x0
                0x8002f2b0                copy_start=.
 *(.shdata)
 *(.data)
 *(.gnu.linkonce.d.*)
                0x8002f2b0                .=ALIGN(0x10)
                0x8002f2b0                _edata=.
                0x8002f2b0                copy_end=.

.got
 *(.got.plt)
 *(.got)

EntryList       0x8002f2b0     0x1a90
 *(EntryList)
 EntryList      0x8002f2b0      0x110 S2_TV_SAT_Presets.o
                0x8002f2b0                S2_TV_SAT_Presets_Entry
 EntryList      0x8002f3c0      0x110 S2_Bramka_Connected.o
                0x8002f3c0                S2_Bramka_Connected_Entry
 EntryList      0x8002f4d0      0x110 S2_BRAMKA__MAIN.o
                0x8002f4d0                S2_BRAMKA__MAIN_Entry
 EntryList      0x8002f5e0      0x110 S2_BRAMKA_tryb.o
                0x8002f5e0                S2_BRAMKA_tryb_Entry
 EntryList      0x8002f6f0      0x110 S2_BRAMKA_dig_pulse.o
                0x8002f6f0                S2_BRAMKA_dig_pulse_Entry
 EntryList      0x8002f800      0x110 S2_BRAMKA_dig.o
                0x8002f800                S2_BRAMKA_dig_Entry
 EntryList      0x8002f910      0x110 S2_BRAMKA_dim_one.o
                0x8002f910                S2_BRAMKA_dim_one_Entry
 EntryList      0x8002fa20      0x110 S2_BRAMKA_dig_All_Off.o
                0x8002fa20                S2_BRAMKA_dig_All_Off_Entry
 EntryList      0x8002fb30      0x110 S2_AnalogToSerial.o
                0x8002fb30                S2_AnalogToSerial_Entry
 EntryList      0x8002fc40      0x110 S2_BRAMKA_dim_one_KNX.o
                0x8002fc40                S2_BRAMKA_dim_one_KNX_Entry
 EntryList      0x8002fd50      0x110 S2_BRAMKA_rol.o
                0x8002fd50                S2_BRAMKA_rol_Entry
 EntryList      0x8002fe60      0x110 S2_BRAMKA_pogoda.o
                0x8002fe60                S2_BRAMKA_pogoda_Entry
 EntryList      0x8002ff70      0x110 S2_BRAMKA_BIQ.o
                0x8002ff70                S2_BRAMKA_BIQ_Entry
 EntryList      0x80030080      0x110 S2_BRAMKA_WORD.o
                0x80030080                S2_BRAMKA_WORD_Entry
 EntryList      0x80030190      0x110 S2_BRAMKA_SatelZone.o
                0x80030190                S2_BRAMKA_SatelZone_Entry
 EntryList      0x800302a0      0x110 S2_Keyboard.o
                0x800302a0                S2_Keyboard_Entry
 EntryList      0x800303b0      0x110 S2_Multiple_Serial_Send.o
                0x800303b0                S2_Multiple_Serial_Send_Entry
 EntryList      0x800304c0      0x110 S2_Zone_multiroom.o
                0x800304c0                S2_Zone_multiroom_Entry
 EntryList      0x800305d0      0x110 S2_TimeToString.o
                0x800305d0                S2_TimeToString_Entry
 EntryList      0x800306e0      0x110 S2_Multiroom_iPhone.o
                0x800306e0                S2_Multiroom_iPhone_Entry
 EntryList      0x800307f0      0x110 S2_Multiroom.o
                0x800307f0                S2_Multiroom_Entry
 EntryList      0x80030900      0x110 S2_iPhone_XML_Processor_v1_0_0.o
                0x80030900                S2_iPhone_XML_Processor_v1_0_0_Entry
 EntryList      0x80030a10      0x110 S2_Sharp_LC_52LE925UN_v1_1_Processor.o
                0x80030a10                S2_Sharp_LC_52LE925UN_v1_1_Processor_Entry
 EntryList      0x80030b20      0x110 S2_Oppo_Time_Processor_v1_0.o
                0x80030b20                S2_Oppo_Time_Processor_v1_0_Entry
 EntryList      0x80030c30      0x110 S2_Czujniki_EN_Reboot.o
                0x80030c30                S2_Czujniki_EN_Reboot_Entry
                0x80030d40                .=ALIGN(0x4)

FunctionList    0x80030d40        0x4
 *(FunctionList)
 FunctionList   0x80030d40        0x4 globals.o
                0x80030d40                g_pFunctions
                0x80030d44                .=ALIGN(0x4)

.bss            0x80030d44        0x0
                0x80030d44                .=ALIGN(0x4)
                0x80030d44                __bss_start=.
 *(.shbss)
 *(.bss)
 *(COMMON)
                0x80030d48                _end=ALIGN(0x8)
                0x80030d48                __end=_end

.stab
 *(.stab)

.stabstr
 *(.stabstr)

.debug
 *(.debug)

.line
 *(.line)

.debug_srcinfo
 *(.debug_srcinfo)

.debug_sfnames
 *(.debug_sfnames)

.debug_aranges
 *(.debug_aranges)

.debug_pubnames
 *(.debug_pubnames)

.debug_info
 *(.debug_info)

.debug_abbrev
 *(.debug_abbrev)

.debug_line
 *(.debug_line)

.debug_frame
 *(.debug_frame)

.debug_str
 *(.debug_str)

.debug_loc
 *(.debug_loc)

.debug_macinfo
 *(.debug_macinfo)

.debug_weaknames
 *(.debug_weaknames)

.debug_funcnames
 *(.debug_funcnames)

.debug_typenames
 *(.debug_typenames)

.debug_varnames
 *(.debug_varnames)
LOAD S2_TV_SAT_Presets.o
LOAD S2_Bramka_Connected.o
LOAD S2_BRAMKA__MAIN.o
LOAD S2_BRAMKA_tryb.o
LOAD S2_BRAMKA_dig_pulse.o
LOAD S2_BRAMKA_dig.o
LOAD S2_BRAMKA_dim_one.o
LOAD S2_BRAMKA_dig_All_Off.o
LOAD S2_AnalogToSerial.o
LOAD S2_BRAMKA_dim_one_KNX.o
LOAD S2_BRAMKA_rol.o
LOAD S2_BRAMKA_pogoda.o
LOAD S2_BRAMKA_BIQ.o
LOAD S2_BRAMKA_WORD.o
LOAD S2_BRAMKA_SatelZone.o
LOAD S2_Keyboard.o
LOAD S2_Multiple_Serial_Send.o
LOAD S2_Zone_multiroom.o
LOAD S2_TimeToString.o
LOAD S2_Multiroom_iPhone.o
LOAD S2_Multiroom.o
LOAD S2_iPhone_XML_Processor_v1_0_0.o
LOAD S2_Sharp_LC_52LE925UN_v1_1_Processor.o
LOAD S2_Oppo_Time_Processor_v1_0.o
LOAD S2_Czujniki_EN_Reboot.o
LOAD globals.o
LOAD library.o
OUTPUT(_S2_Biskupice_DIN_AP2.spl elf32-m68k)

.comment        0x80030d44      0x402
 .comment       0x80030d44       0x26 S2_TV_SAT_Presets.o
 .comment       0x80030d6a       0x26 S2_Bramka_Connected.o
 .comment       0x80030d90       0x26 S2_BRAMKA__MAIN.o
 .comment       0x80030db6       0x26 S2_BRAMKA_tryb.o
 .comment       0x80030ddc       0x26 S2_BRAMKA_dig_pulse.o
 .comment       0x80030e02       0x26 S2_BRAMKA_dig.o
 .comment       0x80030e28       0x26 S2_BRAMKA_dim_one.o
 .comment       0x80030e4e       0x26 S2_BRAMKA_dig_All_Off.o
 .comment       0x80030e74       0x26 S2_AnalogToSerial.o
 .comment       0x80030e9a       0x26 S2_BRAMKA_dim_one_KNX.o
 .comment       0x80030ec0       0x26 S2_BRAMKA_rol.o
 .comment       0x80030ee6       0x26 S2_BRAMKA_pogoda.o
 .comment       0x80030f0c       0x26 S2_BRAMKA_BIQ.o
 .comment       0x80030f32       0x26 S2_BRAMKA_WORD.o
 .comment       0x80030f58       0x26 S2_BRAMKA_SatelZone.o
 .comment       0x80030f7e       0x26 S2_Keyboard.o
 .comment       0x80030fa4       0x26 S2_Multiple_Serial_Send.o
 .comment       0x80030fca       0x26 S2_Zone_multiroom.o
 .comment       0x80030ff0       0x26 S2_TimeToString.o
 .comment       0x80031016       0x26 S2_Multiroom_iPhone.o
 .comment       0x8003103c       0x26 S2_Multiroom.o
 .comment       0x80031062       0x26 S2_iPhone_XML_Processor_v1_0_0.o
 .comment       0x80031088       0x26 S2_Sharp_LC_52LE925UN_v1_1_Processor.o
 .comment       0x800310ae       0x26 S2_Oppo_Time_Processor_v1_0.o
 .comment       0x800310d4       0x26 S2_Czujniki_EN_Reboot.o
 .comment       0x800310fa       0x26 globals.o
 .comment       0x80031120       0x26 library.o
