
Memory Configuration

Name             Origin             Length             Attributes
ram              0x80000000         0x00500000         xrw
*default*        0x00000000         0xffffffff

Linker script and memory map

                0x00000000                __DYNAMIC=0x0
                0x00400000                PROVIDE (__stack, 0x400000)
                0x00000000                PROVIDE (hardware_init_hook, 0x0)
                0x00000000                PROVIDE (_hardware_init_hook, 0x0)
                0x00000000                PROVIDE (software_init_hook, 0x0)
                0x00000000                PROVIDE (_software_init_hook, 0x0)

.text           0x80000000    0x7c0a0
 *(.text)
 .text          0x80000000      0xa58 S2_NewOld_v1_2.o
                0x80000804                S2_NewOld_v1_2_EventHandler
                0x800008de                S2_NewOld_v1_2_main
                0x80000a1c                S2_NewOld_v1_2EventHandler00001
                0x8000018e                S2_NewOld_v1_2EventHandler00000
 .text          0x80000a58      0x592 S2_timedate_display.o
                0x80000cb8                S2_timedate_displayEventHandler00000
                0x80000efe                S2_timedate_display_EventHandler
                0x80000fa4                S2_timedate_display_main
 *fill*         0x80000fea        0x2
 .text          0x80000fec      0xe48 S2_Knob_Acceleration__Pkt_.o
                0x80001960                S2_Knob_Acceleration__Pkt__main
                0x800015ee                S2_Knob_Acceleration__Pkt_EventHandler00000
                0x80001882                S2_Knob_Acceleration__Pkt__EventHandler
 .text          0x80001e34     0x2520 S2_AES_OOTBF_Source_Mode_v1_1.o
                0x8000252a                S2_AES_OOTBF_Source_Mode_v1_1EventHandler00000
                0x8000402c                S2_AES_OOTBF_Source_Mode_v1_1_main
                0x80003156                S2_AES_OOTBF_Source_Mode_v1_1EventHandler00004
                0x80002ae8                S2_AES_OOTBF_Source_Mode_v1_1EventHandler00002
                0x80003f14                S2_AES_OOTBF_Source_Mode_v1_1_EventHandler
                0x8000425a                S2_AES_OOTBF_Source_Mode_v1_1EventHandler00008
                0x80004192                S2_AES_OOTBF_Source_Mode_v1_1EventHandler00007
                0x8000342e                S2_AES_OOTBF_Source_Mode_v1_1EventHandler00005
                0x80003bf4                S2_AES_OOTBF_Source_Mode_v1_1EventHandler00009
                0x80003852                S2_AES_OOTBF_Source_Mode_v1_1EventHandler00006
                0x800028ca                S2_AES_OOTBF_Source_Mode_v1_1EventHandler00001
                0x80002d06                S2_AES_OOTBF_Source_Mode_v1_1EventHandler00003
 .text          0x80004354     0xa81e S2_AES_OOTBF_Room_Mode_v1_2.o
                0x8000e2e6                S2_AES_OOTBF_Room_Mode_v1_2_main
                0x8000e97c                S2_AES_OOTBF_Room_Mode_v1_2EventHandler0000F
                0x800088a2                S2_AES_OOTBF_Room_Mode_v1_2EventHandler00003
                0x8000d10a                S2_AES_OOTBF_Room_Mode_v1_2EventHandler0000E
                0x8000c134                S2_AES_OOTBF_Room_Mode_v1_2EventHandler00006
                0x8000e176                S2_AES_OOTBF_Room_Mode_v1_2_EventHandler
                0x8000e8a2                S2_AES_OOTBF_Room_Mode_v1_2SOURCECONTROLWAIT
                0x8000ea8e                S2_AES_OOTBF_Room_Mode_v1_2EventHandler00010
                0x8000c58a                S2_AES_OOTBF_Room_Mode_v1_2EventHandler00008
                0x80007d5a                S2_AES_OOTBF_Room_Mode_v1_2EventHandler00000
                0x8000b880                S2_AES_OOTBF_Room_Mode_v1_2EventHandler00004
                0x8000cb02                S2_AES_OOTBF_Room_Mode_v1_2EventHandler0000C
                0x8000c27a                S2_AES_OOTBF_Room_Mode_v1_2EventHandler00007
                0x8000e8e0                S2_AES_OOTBF_Room_Mode_v1_2EventHandler0000D
                0x8000c80c                S2_AES_OOTBF_Room_Mode_v1_2EventHandler0000A
                0x8000d280                S2_AES_OOTBF_Room_Mode_v1_2EventHandler00011
                0x8000c6d8                S2_AES_OOTBF_Room_Mode_v1_2EventHandler00009
                0x800080ac                S2_AES_OOTBF_Room_Mode_v1_2EventHandler00001
                0x80008404                S2_AES_OOTBF_Room_Mode_v1_2EventHandler00002
                0x8000beb0                S2_AES_OOTBF_Room_Mode_v1_2EventHandler00005
                0x8000c994                S2_AES_OOTBF_Room_Mode_v1_2EventHandler0000B
 *fill*         0x8000eb72        0x2
 .text          0x8000eb74      0xd1a S2_Knob_Acceleration__Sleep_Timer__v1_0.o
                0x8000f3ba                S2_Knob_Acceleration__Sleep_Timer__v1_0_main
                0x8000f048                S2_Knob_Acceleration__Sleep_Timer__v1_0EventHandler00000
                0x8000f2dc                S2_Knob_Acceleration__Sleep_Timer__v1_0_EventHandler
 *fill*         0x8000f88e        0x2
 .text          0x8000f890      0x6fa S2_Adagio_Group_Editor_v1_0_1.o
                0x8000fb6c                S2_Adagio_Group_Editor_v1_0_1EventHandler00001
                0x8000f890                S2_Adagio_Group_Editor_v1_0_1EventHandler00000
                0x8000fe00                S2_Adagio_Group_Editor_v1_0_1_EventHandler
                0x8000fede                S2_Adagio_Group_Editor_v1_0_1_main
 *fill*         0x8000ff8a        0x2
 .text          0x8000ff8c     0x1156 S2_AES_OOTBF_Group_Source_Selector_v1_0.o
                0x80010978                S2_AES_OOTBF_Group_Source_Selector_v1_0EventHandler00003
                0x80010eea                S2_AES_OOTBF_Group_Source_Selector_v1_0_EventHandler
                0x80011098                S2_AES_OOTBF_Group_Source_Selector_v1_0EventHandler00001
                0x800104e6                S2_AES_OOTBF_Group_Source_Selector_v1_0EventHandler00000
                0x80010c5c                S2_AES_OOTBF_Group_Source_Selector_v1_0EventHandler00005
                0x80010aea                S2_AES_OOTBF_Group_Source_Selector_v1_0EventHandler00004
                0x80010808                S2_AES_OOTBF_Group_Source_Selector_v1_0EventHandler00002
                0x80010fc8                S2_AES_OOTBF_Group_Source_Selector_v1_0_main
 *fill*         0x800110e2        0x2
 .text          0x800110e4     0x1eba S2_APAD_Text_Edit.o
                0x80011b6c                S2_APAD_Text_EditEventHandler00005
                0x80012bd6                S2_APAD_Text_EditEventHandler00002
                0x80012804                S2_APAD_Text_Edit_EventHandler
                0x80012ed6                S2_APAD_Text_EditEventHandler0000C
                0x80012e9a                S2_APAD_Text_EditEventHandler0000B
                0x80012130                S2_APAD_Text_EditEventHandler00007
                0x80011936                S2_APAD_Text_EditEventHandler00004
                0x80011e18                S2_APAD_Text_EditEventHandler00006
                0x800128d0                S2_APAD_Text_Edit_main
                0x80012b36                S2_APAD_Text_EditEventHandler00001
                0x80012e5e                S2_APAD_Text_EditEventHandler0000A
                0x80012c9e                S2_APAD_Text_EditEventHandler00003
                0x80012d56                S2_APAD_Text_EditEventHandler00008
                0x80012516                S2_APAD_Text_EditEventHandler00009
                0x80012a96                S2_APAD_Text_EditEventHandler00000
 *fill*         0x80012f9e        0x2
 .text          0x80012fa0      0x744 S2_AADS_OOTBF_Text_Scroller_v1.o
                0x80012fa0                S2_AADS_OOTBF_Text_Scroller_v1STOPSCROLLWAIT
                0x80013546                S2_AADS_OOTBF_Text_Scroller_v1_EventHandler
                0x80013358                S2_AADS_OOTBF_Text_Scroller_v1EventHandler00001
                0x800130a0                S2_AADS_OOTBF_Text_Scroller_v1EventHandler00000
                0x80013624                S2_AADS_OOTBF_Text_Scroller_v1STARTSCROLLWAIT
                0x80013670                S2_AADS_OOTBF_Text_Scroller_v1_main
 .text          0x800136e4     0x382c S2_AES_Installer_Tools_Small_v1_1.o
                0x800168da                S2_AES_Installer_Tools_Small_v1_1EventHandler00004
                0x80016dec                S2_AES_Installer_Tools_Small_v1_1EventHandler00000
                0x800165b0                S2_AES_Installer_Tools_Small_v1_1EventHandler00002
                0x80016e7c                S2_AES_Installer_Tools_Small_v1_1EventHandler00005
                0x80016bfa                S2_AES_Installer_Tools_Small_v1_1_main
                0x80016736                S2_AES_Installer_Tools_Small_v1_1EventHandler00003
                0x80016b5a                S2_AES_Installer_Tools_Small_v1_1_EventHandler
                0x80016ec6                S2_AES_Installer_Tools_Small_v1_1EventHandler00006
                0x80016412                S2_AES_Installer_Tools_Small_v1_1EventHandler00001
 .text          0x80016f10     0x2202 S2_Adagio_System_Info_v1_1.o
                0x80016f10                S2_Adagio_System_Info_v1_1EventHandler00000
                0x80018eb4                S2_Adagio_System_Info_v1_1_EventHandler
                0x80019042                S2_Adagio_System_Info_v1_1_main
                0x80018f8e                S2_Adagio_System_Info_v1_1__SPLS_TMPVAR__WAITLABEL_0__
                0x800171ae                S2_Adagio_System_Info_v1_1EventHandler00001
 *fill*         0x80019112        0x2
 .text          0x80019114     0xd7ec S2_Installer_Tools___AudioNet_Setup_v4.o
                0x8002675e                S2_Installer_Tools___AudioNet_Setup_v4EventHandler00008
                0x80026546                S2_Installer_Tools___AudioNet_Setup_v4_STACK_Constructor
                0x8001f856                S2_Installer_Tools___AudioNet_Setup_v4EventHandler00004
                0x800254b0                S2_Installer_Tools___AudioNet_Setup_v4EventHandler0000C
                0x800265f4                S2_Installer_Tools___AudioNet_Setup_v4RETRIEVINGWAIT
                0x80025a4a                S2_Installer_Tools___AudioNet_Setup_v4EventHandler0000E
                0x80022aa2                S2_Installer_Tools___AudioNet_Setup_v4EventHandler00005
                0x80026698                S2_Installer_Tools___AudioNet_Setup_v4EventHandler00007
                0x80026642                S2_Installer_Tools___AudioNet_Setup_v4EventHandler00001
                0x8001f572                S2_Installer_Tools___AudioNet_Setup_v4EventHandler00002
                0x800268b6                S2_Installer_Tools___AudioNet_Setup_v4EventHandler0000D
                0x80026550                S2_Installer_Tools___AudioNet_Setup_v4_STACK_Destructor
                0x80025cc6                S2_Installer_Tools___AudioNet_Setup_v4_EventHandler
                0x8001f6e8                S2_Installer_Tools___AudioNet_Setup_v4EventHandler00003
                0x8002390e                S2_Installer_Tools___AudioNet_Setup_v4EventHandler00009
                0x80025e38                S2_Installer_Tools___AudioNet_Setup_v4_main
                0x80022cfa                S2_Installer_Tools___AudioNet_Setup_v4EventHandler00006
                0x80025236                S2_Installer_Tools___AudioNet_Setup_v4EventHandler0000B
                0x8002655a                S2_Installer_Tools___AudioNet_Setup_v4__SPLS_TMPVAR__WAITLABEL_0__
                0x8001f3c6                S2_Installer_Tools___AudioNet_Setup_v4EventHandler00000
                0x800267de                S2_Installer_Tools___AudioNet_Setup_v4EventHandler0000A
 .text          0x80026900     0x2198 S2_Installer_Tools___Network___Hostname_Edit_v2.o
                0x8002714e                S2_Installer_Tools___Network___Hostname_Edit_v2EventHandler00000
                0x80027c5c                S2_Installer_Tools___Network___Hostname_Edit_v2EventHandler00007
                0x80028758                S2_Installer_Tools___Network___Hostname_Edit_v2EventHandler00008
                0x800288f2                S2_Installer_Tools___Network___Hostname_Edit_v2EventHandler0000C
                0x800289b0                S2_Installer_Tools___Network___Hostname_Edit_v2EventHandler0000D
                0x8002840a                S2_Installer_Tools___Network___Hostname_Edit_v2_main
                0x80028036                S2_Installer_Tools___Network___Hostname_Edit_v2EventHandler00009
                0x800286c0                S2_Installer_Tools___Network___Hostname_Edit_v2EventHandler00003
                0x80027402                S2_Installer_Tools___Network___Hostname_Edit_v2EventHandler00004
                0x800272a8                S2_Installer_Tools___Network___Hostname_Edit_v2EventHandler00001
                0x80028324                S2_Installer_Tools___Network___Hostname_Edit_v2_EventHandler
                0x8002788c                S2_Installer_Tools___Network___Hostname_Edit_v2EventHandler00006
                0x800288b6                S2_Installer_Tools___Network___Hostname_Edit_v2EventHandler0000B
                0x8002887a                S2_Installer_Tools___Network___Hostname_Edit_v2EventHandler0000A
                0x80027664                S2_Installer_Tools___Network___Hostname_Edit_v2EventHandler00005
                0x800285fe                S2_Installer_Tools___Network___Hostname_Edit_v2EventHandler00002
 .text          0x80028a98     0x131c S2_Adagio_OOTBF_Group_Evaluator_v1.o
                0x80029bb0                S2_Adagio_OOTBF_Group_Evaluator_v1_EventHandler
                0x80029d6a                S2_Adagio_OOTBF_Group_Evaluator_v1EventHandler00000
                0x80029c86                S2_Adagio_OOTBF_Group_Evaluator_v1_main
 .text          0x80029db4     0xff9a S2_AES_OOTBF_XML_Functions_v2_0_0.o
                0x80039b08                S2_AES_OOTBF_XML_Functions_v2_0_0_SYSTEM_Constructor
                0x800391a2                S2_AES_OOTBF_XML_Functions_v2_0_0_EventHandler
                0x80039af4                S2_AES_OOTBF_XML_Functions_v2_0_0_DEVICE_Constructor
                0x80039378                S2_AES_OOTBF_XML_Functions_v2_0_0_main
                0x80039a42                S2_AES_OOTBF_XML_Functions_v2_0_0_SOURCE_Constructor
                0x8003864a                S2_AES_OOTBF_XML_Functions_v2_0_0EventHandler00001
                0x80039a9a                S2_AES_OOTBF_XML_Functions_v2_0_0_SOURCE_Destructor
                0x80039c76                S2_AES_OOTBF_XML_Functions_v2_0_0EventHandler00006
                0x80039afe                S2_AES_OOTBF_XML_Functions_v2_0_0_DEVICE_Destructor
                0x80039b5a                S2_AES_OOTBF_XML_Functions_v2_0_0_INTERFACE_Destructor
                0x80039aa4                S2_AES_OOTBF_XML_Functions_v2_0_0_GROUP_Constructor
                0x80039b30                S2_AES_OOTBF_XML_Functions_v2_0_0_SYSTEM_Destructor
                0x80038f76                S2_AES_OOTBF_XML_Functions_v2_0_0EventHandler00005
                0x80038b74                S2_AES_OOTBF_XML_Functions_v2_0_0EventHandler00003
                0x80039a38                S2_AES_OOTBF_XML_Functions_v2_0_0_ROOM_Destructor
                0x80039b3a                S2_AES_OOTBF_XML_Functions_v2_0_0_INTERFACE_Constructor
                0x80038e32                S2_AES_OOTBF_XML_Functions_v2_0_0EventHandler00004
                0x80039aea                S2_AES_OOTBF_XML_Functions_v2_0_0_GROUP_Destructor
                0x80038920                S2_AES_OOTBF_XML_Functions_v2_0_0EventHandler00002
                0x800399f6                S2_AES_OOTBF_XML_Functions_v2_0_0_ROOM_Constructor
                0x80039b64                S2_AES_OOTBF_XML_Functions_v2_0_0EventHandler00000
 *fill*         0x80039d4e        0x2
 .text          0x80039d50     0x13ce S2_Adagio_OOTBF_Priority_Processor_v1.o
                0x8003ae7e                S2_Adagio_OOTBF_Priority_Processor_v1_EventHandler
                0x8003afd6                S2_Adagio_OOTBF_Priority_Processor_v1_main
                0x80039ed6                S2_Adagio_OOTBF_Priority_Processor_v1EventHandler00000
                0x8003a872                S2_Adagio_OOTBF_Priority_Processor_v1EventHandler00003
                0x8003a2e4                S2_Adagio_OOTBF_Priority_Processor_v1EventHandler00002
                0x8003a1e6                S2_Adagio_OOTBF_Priority_Processor_v1EventHandler00001
 *fill*         0x8003b11e        0x2
 .text          0x8003b120      0xd24 S2_Multiple_Now_Playing_Combiner__10__v2.o
                0x8003bc28                S2_Multiple_Now_Playing_Combiner__10__v2EventHandler00000
                0x8003b9c0                S2_Multiple_Now_Playing_Combiner__10__v2_main
                0x8003bca0                S2_Multiple_Now_Playing_Combiner__10__v2EventHandler00001
                0x8003bd90                S2_Multiple_Now_Playing_Combiner__10__v2EventHandler00003
                0x8003bd18                S2_Multiple_Now_Playing_Combiner__10__v2EventHandler00002
                0x8003b878                S2_Multiple_Now_Playing_Combiner__10__v2_EventHandler
 .text          0x8003be44     0x35e6 S2_ATC_Audionet_System_Info_v1_3.o
                0x8003f2c2                S2_ATC_Audionet_System_Info_v1_3EventHandler00005
                0x8003efb4                S2_ATC_Audionet_System_Info_v1_3PEERIPIDWAIT
                0x8003c216                S2_ATC_Audionet_System_Info_v1_3EventHandler00000
                0x8003f0a6                S2_ATC_Audionet_System_Info_v1_3EventHandler00002
                0x8003c668                S2_ATC_Audionet_System_Info_v1_3EventHandler00001
                0x8003f20e                S2_ATC_Audionet_System_Info_v1_3EventHandler00004
                0x8003ecf6                S2_ATC_Audionet_System_Info_v1_3_main
                0x8003f376                S2_ATC_Audionet_System_Info_v1_3EventHandler00006
                0x8003f15a                S2_ATC_Audionet_System_Info_v1_3EventHandler00003
                0x8003e7ea                S2_ATC_Audionet_System_Info_v1_3EventHandler00008
                0x8003eff2                S2_ATC_Audionet_System_Info_v1_3__SPLS_TMPVAR__WAITLABEL_0__
                0x8003e486                S2_ATC_Audionet_System_Info_v1_3EventHandler00007
                0x8003ec4c                S2_ATC_Audionet_System_Info_v1_3_EventHandler
                0x8003ef76                S2_ATC_Audionet_System_Info_v1_3PEERIPADDRESSWAIT
 *fill*         0x8003f42a        0x2
 .text          0x8003f42c     0x290a S2_text_scroller.o
                0x80041c46                S2_text_scrollerEventHandler0000C
                0x800415c4                S2_text_scroller_EventHandler
                0x800402c0                S2_text_scrollerEventHandler00006
                0x80041ae2                S2_text_scrollerEventHandler00002
                0x8003fabe                S2_text_scrollerEventHandler00000
                0x80040968                S2_text_scrollerEventHandler00008
                0x80040f6e                S2_text_scrollerEventHandler0000B
                0x800419dc                S2_text_scrollerEventHandler00001
                0x8004000c                S2_text_scrollerEventHandler00005
                0x8003fce4                S2_text_scrollerEventHandler00003
                0x80041bf2                S2_text_scrollerEventHandler00009
                0x80040da4                S2_text_scrollerEventHandler0000A
                0x80041726                S2_text_scroller_main
                0x80040584                S2_text_scrollerEventHandler00007
                0x80041b30                S2_text_scrollerEventHandler00004
 *fill*         0x80041d36        0x2
 .text          0x80041d38     0x1a66 S2_AMFM_Preset_Scroller_v3.o
                0x80042bb0                S2_AMFM_Preset_Scroller_v3EventHandler00004
                0x80043594                S2_AMFM_Preset_Scroller_v3_EventHandler
                0x80042d1a                S2_AMFM_Preset_Scroller_v3EventHandler00005
                0x80043196                S2_AMFM_Preset_Scroller_v3EventHandler00007
                0x80042852                S2_AMFM_Preset_Scroller_v3EventHandler00002
                0x80043684                S2_AMFM_Preset_Scroller_v3_main
                0x8004267c                S2_AMFM_Preset_Scroller_v3EventHandler00001
                0x80042a44                S2_AMFM_Preset_Scroller_v3EventHandler00003
                0x80042e84                S2_AMFM_Preset_Scroller_v3EventHandler00006
                0x8004230e                S2_AMFM_Preset_Scroller_v3EventHandler00000
 *fill*         0x8004379e        0x2
 .text          0x800437a0      0x28c S2_Adagio_N_of_M_String.o
                0x80043968                S2_Adagio_N_of_M_StringEventHandler00001
                0x800437a0                S2_Adagio_N_of_M_String_EventHandler
                0x8004385e                S2_Adagio_N_of_M_String_main
                0x800438a4                S2_Adagio_N_of_M_StringEventHandler00000
 .text          0x80043a2c      0x32a S2_Search_Cursor.o
                0x80043a2c                S2_Search_CursorEventHandler00000
                0x80043c70                S2_Search_Cursor_EventHandler
                0x80043d10                S2_Search_Cursor_main
 *fill*         0x80043d56        0x2
 .text          0x80043d58      0x6d0 S2_AMFM_Station.o
                0x80044202                S2_AMFM_StationEventHandler00001
                0x800441b8                S2_AMFM_StationEventHandler00000
                0x80044036                S2_AMFM_Station_EventHandler
                0x800442c2                S2_AMFM_StationEventHandler00003
                0x8004424c                S2_AMFM_StationEventHandler00002
                0x800443b0                S2_AMFM_StationEventHandler00005
                0x80044338                S2_AMFM_StationEventHandler00004
                0x80044172                S2_AMFM_Station_main
 .text          0x80044428      0xa3e S2_Adagio_Now_Playing_Combiner.o
                0x80044ae8                S2_Adagio_Now_Playing_Combiner_EventHandler
                0x80044bde                S2_Adagio_Now_Playing_Combiner_main
                0x80044dd2                S2_Adagio_Now_Playing_CombinerEventHandler00001
                0x80044d88                S2_Adagio_Now_Playing_CombinerEventHandler00000
                0x80044e1c                S2_Adagio_Now_Playing_CombinerEventHandler00002
 *fill*         0x80044e66        0x2
 .text          0x80044e68      0x4d6 S2_Adagio_AMFM_Preset_Selector.o
                0x80044e68                S2_Adagio_AMFM_Preset_SelectorEventHandler00000
                0x800451e2                S2_Adagio_AMFM_Preset_Selector_EventHandler
                0x800452c2                S2_Adagio_AMFM_Preset_Selector_main
                0x80045022                S2_Adagio_AMFM_Preset_SelectorEventHandler00001
 *fill*         0x8004533e        0x2
 .text          0x80045340     0x140a S2_Adagio_AMFM_GUI_Processor_v1.o
                0x80046486                S2_Adagio_AMFM_GUI_Processor_v1EventHandler00001
                0x80046552                S2_Adagio_AMFM_GUI_Processor_v1EventHandler00004
                0x8004660e                S2_Adagio_AMFM_GUI_Processor_v1EventHandler00006
                0x80046368                S2_Adagio_AMFM_GUI_Processor_v1_main
                0x8004619e                S2_Adagio_AMFM_GUI_Processor_v1_EventHandler
                0x800464c2                S2_Adagio_AMFM_GUI_Processor_v1EventHandler00002
                0x80046676                S2_Adagio_AMFM_GUI_Processor_v1EventHandler00007
                0x800464fe                S2_Adagio_AMFM_GUI_Processor_v1EventHandler00003
                0x80045f0a                S2_Adagio_AMFM_GUI_Processor_v1EventHandler00000
                0x800465a6                S2_Adagio_AMFM_GUI_Processor_v1EventHandler00005
                0x800466e0                S2_Adagio_AMFM_GUI_Processor_v1EventHandler00008
 *fill*         0x8004674a        0x2
 .text          0x8004674c     0x232a S2_AMFM_Guide_Engine_v1_0_0.o
                0x80047eaa                S2_AMFM_Guide_Engine_v1_0_0EventHandler00001
                0x800485a6                S2_AMFM_Guide_Engine_v1_0_0EventHandler00004
                0x80048108                S2_AMFM_Guide_Engine_v1_0_0EventHandler00002
                0x8004674c                S2_AMFM_Guide_Engine_v1_0_0EventHandler00000
                0x8004894a                S2_AMFM_Guide_Engine_v1_0_0_main
                0x8004836a                S2_AMFM_Guide_Engine_v1_0_0EventHandler00003
                0x800487e6                S2_AMFM_Guide_Engine_v1_0_0_EventHandler
 *fill*         0x80048a76        0x2
 .text          0x80048a78     0x43b8 S2_AMFM_Large_TP_GUI_Processor_v1_0_2.o
                0x8004caf0                S2_AMFM_Large_TP_GUI_Processor_v1_0_2EventHandler00005
                0x8004ca8e                S2_AMFM_Large_TP_GUI_Processor_v1_0_2EventHandler00001
                0x8004b4f4                S2_AMFM_Large_TP_GUI_Processor_v1_0_2EventHandler00009
                0x8004b6ec                S2_AMFM_Large_TP_GUI_Processor_v1_0_2EventHandler0000A
                0x8004a780                S2_AMFM_Large_TP_GUI_Processor_v1_0_2EventHandler00003
                0x8004cbfc                S2_AMFM_Large_TP_GUI_Processor_v1_0_2EventHandler0000B
                0x8004c824                S2_AMFM_Large_TP_GUI_Processor_v1_0_2_main
                0x8004ab60                S2_AMFM_Large_TP_GUI_Processor_v1_0_2EventHandler00007
                0x8004be98                S2_AMFM_Large_TP_GUI_Processor_v1_0_2EventHandler0000D
                0x8004a8a8                S2_AMFM_Large_TP_GUI_Processor_v1_0_2EventHandler00004
                0x8004c9a4                S2_AMFM_Large_TP_GUI_Processor_v1_0_2EventHandler00000
                0x8004a604                S2_AMFM_Large_TP_GUI_Processor_v1_0_2EventHandler00002
                0x8004b2fc                S2_AMFM_Large_TP_GUI_Processor_v1_0_2EventHandler00008
                0x8004cd16                S2_AMFM_Large_TP_GUI_Processor_v1_0_2EventHandler0000C
                0x8004c6d6                S2_AMFM_Large_TP_GUI_Processor_v1_0_2_EventHandler
                0x8004aa38                S2_AMFM_Large_TP_GUI_Processor_v1_0_2EventHandler00006
 .text          0x8004ce30     0x117c S2_AMFM_Station_v1_0_2.o
                0x8004db32                S2_AMFM_Station_v1_0_2_main
                0x8004df34                S2_AMFM_Station_v1_0_2EventHandler00006
                0x8004d718                S2_AMFM_Station_v1_0_2EventHandler00000
                0x8004db78                S2_AMFM_Station_v1_0_2EventHandler00001
                0x8004debc                S2_AMFM_Station_v1_0_2EventHandler00005
                0x8004ddcc                S2_AMFM_Station_v1_0_2EventHandler00003
                0x8004da32                S2_AMFM_Station_v1_0_2_EventHandler
                0x8004de44                S2_AMFM_Station_v1_0_2EventHandler00004
                0x8004dca2                S2_AMFM_Station_v1_0_2EventHandler00002
 .text          0x8004dfac     0x2700 S2_Now_Playing_Combiner__ISERVER_IDOCV_DSW__v1_0.o
                0x80050662                S2_Now_Playing_Combiner__ISERVER_IDOCV_DSW__v1_0EventHandler00000
                0x8005024a                S2_Now_Playing_Combiner__ISERVER_IDOCV_DSW__v1_0_EventHandler
                0x800502f6                S2_Now_Playing_Combiner__ISERVER_IDOCV_DSW__v1_0_main
 .text          0x800506ac      0x7fe S2_Source_Definition_Writer.o
                0x80050de0                S2_Source_Definition_Writer_main
                0x80050d3a                S2_Source_Definition_Writer_EventHandler
                0x800506ac                S2_Source_Definition_WriterEventHandler00000
 *fill*         0x80050eaa        0x2
 .text          0x80050eac      0xc68 S2_Source_Definition_Reader.o
                0x80050eac                S2_Source_Definition_ReaderEventHandler00000
                0x80051898                S2_Source_Definition_Reader_EventHandler
                0x800511ba                S2_Source_Definition_ReaderEventHandler00001
                0x8005198e                S2_Source_Definition_Reader_main
                0x800514c8                S2_Source_Definition_ReaderEventHandler00002
 .text          0x80051b14      0x5d2 S2_RemoteSourceSelect.o
                0x80051d42                S2_RemoteSourceSelectEventHandler00001
                0x80051ffc                S2_RemoteSourceSelect_main
                0x80051f16                S2_RemoteSourceSelect_EventHandler
                0x80051b14                S2_RemoteSourceSelectEventHandler00000
 *fill*         0x800520e6        0x2
 .text          0x800520e8      0x2fc S2_AnalogToSerial.o
                0x800520e8                S2_AnalogToSerialEventHandler00000
                0x80052352                S2_AnalogToSerial_main
                0x800522b2                S2_AnalogToSerial_EventHandler
 .text          0x800523e4     0xfcc4 S2_APAD_PL.o
                0x80061ebe                S2_APAD_PLEventHandler00011
                0x8005d3f4                S2_APAD_PLEventHandler0000E
                0x8005f0f0                S2_APAD_PLEventHandler00014
                0x80054f3a                S2_APAD_PLSOURCESELECTWAIT
                0x800607c4                S2_APAD_PLEventHandler0001E
                0x8005a890                S2_APAD_PLEventHandler00007
                0x80061fb2                S2_APAD_PLEventHandler00017
                0x80061e66                S2_APAD_PLEventHandler00010
                0x8005f6f8                S2_APAD_PLEventHandler0001A
                0x8005f3dc                S2_APAD_PLEventHandler00015
                0x8005e96e                S2_APAD_PLEventHandler00013
                0x8005f84a                S2_APAD_PLEventHandler0001B
                0x80061ace                S2_APAD_PLEventHandler00000
                0x80061df0                S2_APAD_PLEventHandler0000D
                0x80061a3a                S2_APAD_PLROOMSELECTWAIT
                0x80057730                S2_APAD_PLEventHandler00002
                0x8005dbdc                S2_APAD_PLEventHandler00012
                0x80058352                S2_APAD_PLEventHandler00005
                0x80061c0c                S2_APAD_PLEventHandler00009
                0x8005c002                S2_APAD_PLEventHandler0000A
                0x800619a2                S2_APAD_PLGROUPNOTVALIDWAIT
                0x80061a90                S2_APAD_PLSOURCECONTROLWAIT
                0x80061f68                S2_APAD_PLEventHandler00016
                0x80061c9a                S2_APAD_PLEventHandler0000B
                0x80062046                S2_APAD_PLEventHandler0001D
                0x80057868                S2_APAD_PLEventHandler00004
                0x8005d9fa                S2_APAD_PLEventHandler0000F
                0x8005f58e                S2_APAD_PLEventHandler00019
                0x80061d62                S2_APAD_PLEventHandler0000C
                0x8005af5c                S2_APAD_PLEventHandler00008
                0x80060c1a                S2_APAD_PL_EventHandler
                0x8005a1d0                S2_APAD_PLEventHandler00006
                0x80057566                S2_APAD_PLEventHandler00001
                0x80060df0                S2_APAD_PL_main
                0x80061bc2                S2_APAD_PLEventHandler00003
                0x80061ffc                S2_APAD_PLEventHandler00018
                0x800600d0                S2_APAD_PLEventHandler0001C
 .text          0x800620a8     0x9168 S2_Denon_AVR_2308CI_2808CI_3808CI_4308CI_5805CI_888_988_Processor.o
                0x8006a288                S2_Denon_AVR_2308CI_2808CI_3808CI_4308CI_5805CI_888_988_ProcessorEventHandler00009
                0x8006acd8                S2_Denon_AVR_2308CI_2808CI_3808CI_4308CI_5805CI_888_988_Processor_main
                0x80063864                S2_Denon_AVR_2308CI_2808CI_3808CI_4308CI_5805CI_888_988_ProcessorEventHandler00004
                0x80069b2a                S2_Denon_AVR_2308CI_2808CI_3808CI_4308CI_5805CI_888_988_ProcessorEventHandler00007
                0x8006a888                S2_Denon_AVR_2308CI_2808CI_3808CI_4308CI_5805CI_888_988_ProcessorEventHandler0000A
                0x8006985e                S2_Denon_AVR_2308CI_2808CI_3808CI_4308CI_5805CI_888_988_ProcessorEventHandler00005
                0x800631d8                S2_Denon_AVR_2308CI_2808CI_3808CI_4308CI_5805CI_888_988_ProcessorEventHandler00002
                0x8006abaa                S2_Denon_AVR_2308CI_2808CI_3808CI_4308CI_5805CI_888_988_Processor_EventHandler
                0x80062b4c                S2_Denon_AVR_2308CI_2808CI_3808CI_4308CI_5805CI_888_988_ProcessorEventHandler00000
                0x8006351e                S2_Denon_AVR_2308CI_2808CI_3808CI_4308CI_5805CI_888_988_ProcessorEventHandler00003
                0x8006b132                S2_Denon_AVR_2308CI_2808CI_3808CI_4308CI_5805CI_888_988_ProcessorEventHandler0000B
                0x80069c90                S2_Denon_AVR_2308CI_2808CI_3808CI_4308CI_5805CI_888_988_ProcessorEventHandler00008
                0x80062e92                S2_Denon_AVR_2308CI_2808CI_3808CI_4308CI_5805CI_888_988_ProcessorEventHandler00001
                0x800699c4                S2_Denon_AVR_2308CI_2808CI_3808CI_4308CI_5805CI_888_988_ProcessorEventHandler00006
 .text          0x8006b210      0x344 S2_Multiple_Serial_Send.o
                0x8006b468                S2_Multiple_Serial_SendEventHandler00000
                0x8006b3c4                S2_Multiple_Serial_Send_main
                0x8006b308                S2_Multiple_Serial_Send_EventHandler
 .text          0x8006b554     0x5836 library.o
                0x8006f740                RotateRightLong
                0x8006fd4e                IsSystem
                0x8006f6a4                Seed
                0x8006cf9c                Remove
                0x8006f320                Ltoa
                0x8006f04c                Atoi
                0x8006e3b4                InitRampInfoArray
                0x8006fafa                Right
                0x80070b2a                LockInputSema
                0x8006f5ce                Mod
                0x8006f7b6                Getc
                0x8006f502                SMuldiv
                0x8006fd30                IsHidden
                0x8006f3e6                Min
                0x8007093e                hextosi
                0x8006fed4                WriteIntegerArray
                0x8007044a                GetSignedIntArrayElementPtr
                0x8006ed6e                CheckStructArray
                0x80070952                hextosl
                0x8007005a                WriteSignedIntegerArray
                0x8006ea36                InitStringParamArray
                0x8006dd08                ReadSignedLongIntegerArray
                0x8006cc2a                GatherToDelimiter
                0x8006e85a                InitStringArray
                0x8006f3c0                Max
                0x8006fd8a                IsReadOnly
                0x8006f4ca                SMax
                0x8006cdce                GatherByLength
                0x8006f25a                Chr
                0x8006feac                ReadSignedLongInteger
                0x8006f2d8                Itohex
                0x8006ece0                GetStructArrayElement
                0x8006efd4                UNS_SetByte
                0x8006face                ReverseFindi
                0x8006e1b0                ReadStringArray
                0x8007025a                GetIntArrayElementPtr
                0x8006f90a                Lower
                0x8006f6c0                RotateLeft
                0x80070a72                ResizeIfAutogrow
                0x8006e4e0                CheckInputArray
                0x8006bac2                ResizeStringArray
                0x8006f1ec                Atosl
                0x8006f014                High
                0x8006f670                Rnd
                0x8006f592                UMod
                0x8006f716                RotateLeftLong
                0x80070b9e                FindNumericChar
                0x800706a2                CheckIOArrayBounds2
                0x8006fce8                MakeProgramFilename
                0x8006f4e6                SMin
                0x8006f83e                Left
                0x8006f780                CheckBufferThreshold
                0x8006fe64                ReadSignedInteger
                0x8006f03e                LowWord
                0x8006b554                Bit
                0x8006fe14                ReadLongInteger
                0x8006ee52                Byte
                0x80070352                GetLongArrayElementPtr
                0x8006faa0                ReverseFind
                0x8006fcfe                GetSeries
                0x80070c6a                InitTcpServer
                0x8006f8f2                Len
                0x80070772                InitializeRampInfoInternal
                0x8006f40c                Divide
                0x8006f158                Atol
                0x8006fcf4                GetModelNumber
                0x8007063a                CheckIOArrayBounds
                0x8006e53a                CheckStringInputArray
                0x8007011c                WriteSignedLongIntegerArray
                0x8006ec2a                GetStringArrayElement
                0x8006f364                Ltohex
                0x8006f290                Itoa
                0x8006f6ea                RotateRight
                0x8006d28a                InternalReverseFind
                0x8006fdf4                WriteLongInteger
                0x8006e75e                InitDynamicStringStruct
                0x8006e650                SetStringArray
                0x8006dae6                ReadSignedIntegerArray
                0x8006e594                SetOutputArray
                0x8006fda4                WriteInteger
                0x8006ebbe                InitStructDynamicArray
                0x8006d514                SetString
                0x8006f60a                Random
                0x8006fe3c                WriteSignedInteger
                0x8006b7b8                Find
                0x8006fd08                GetProgramNumber
                0x8006f9de                Mid
                0x80070bdc                InitTcpClient
                0x8006c6a6                ResizeStructArray
                0x80070542                GetSignedLongArrayElementPtr
                0x80070964                hextol
                0x8006df2a                ReadString
                0x8006e8f0                InitDynamicStringArray
                0x80070a4a                UpperChar
                0x8006f0e8                Atosi
                0x8006fdcc                ReadInteger
                0x8006f47e                Muldiv
                0x8006e602                SetStringOutputArray
                0x800701e0                WriteString
                0x8006c11a                ResizeIntegerArray
                0x8006e4a8                InitInOutArray
                0x8006eafe                InitNvramStringArray
                0x8006f3a8                Abs
                0x8006f54e                SDivide
                0x8006d6a4                ReadIntegerArray
                0x8006b664                CompareStrings
                0x80070a22                LowerChar
                0x80070cfa                InitUdpSocket
                0x8006f768                ClearBuffer
                0x8006fbb6                Upper
                0x8006eb9a                InitStructArray
                0x8006fc8c                MakeLower
                0x8006fd6c                IsVolume
                0x8006d0f6                RemoveByLength
                0x8006edea                CheckStringOutputArrayIndex
                0x8006ff96                WriteLongIntegerArray
                0x8007081e                InitRampInfoStructArray
                0x8006f030                HighWord
                0x8006b92c                ResizeString
                0x8006fd12                IsDirectory
                0x8006d8c4                ReadLongIntegerArray
                0x8006f022                Low
                0x8006cad0                Gather
                0x8006fcba                MakeUpper
                0x8006e720                InitStringStruct
                0x8007070a                CheckStringArrayBounds
                0x8006f450                CheckDenominator
                0x80070926                hextoi
                0x8006e048                WriteStringArray
                0x8006ef12                SetByte
                0x800707c8                InitializeRampInfo
                0x80070b64                UnLockInputSema
                0x8006fe8c                WriteSignedLongInteger
                0x8006e812                InitNvramStringStruct
 *fill*         0x80070d8a        0x6
                0x80070d90                .=ALIGN(0x10)
 *(.eh_frame)
                0x80070d90                .=ALIGN(0x10)
 *(.gnu.linkonce.t.*)
                0x80070d90                .=ALIGN(0x4)
                0x80070d90                __CTOR_LIST__=.
                0x80070d90                ___CTOR_LIST__=.
                0x80070d90        0x4 LONG 0x0 (((__CTOR_END__-__CTOR_LIST__)/0x4)-0x2)
 *(.ctors)
                0x80070d94        0x4 LONG 0x0
                0x80070d98                __CTOR_END__=.
                0x80070d98                __DTOR_LIST__=.
                0x80070d98                ___DTOR_LIST__=.
                0x80070d98        0x4 LONG 0x0 (((__DTOR_END__-__DTOR_LIST__)/0x4)-0x2)
 *(.dtors)
                0x80070d9c        0x4 LONG 0x0
                0x80070da0                __DTOR_END__=.
 *(.rodata)
 .rodata        0x80070da0      0x351 S2_NewOld_v1_2.o
 .rodata        0x800710f1      0x359 S2_timedate_display.o
 .rodata        0x8007144a      0x3fb S2_Knob_Acceleration__Pkt_.o
 .rodata        0x80071845      0x327 S2_AES_OOTBF_Source_Mode_v1_1.o
 .rodata        0x80071b6c      0x67d S2_AES_OOTBF_Room_Mode_v1_2.o
 .rodata        0x800721e9      0x2d2 S2_Knob_Acceleration__Sleep_Timer__v1_0.o
 .rodata        0x800724bb      0x23f S2_Adagio_Group_Editor_v1_0_1.o
 .rodata        0x800726fa      0x330 S2_AES_OOTBF_Group_Source_Selector_v1_0.o
 .rodata        0x80072a2a      0x3b7 S2_APAD_Text_Edit.o
 .rodata        0x80072de1      0x2aa S2_AADS_OOTBF_Text_Scroller_v1.o
 .rodata        0x8007308b      0x62a S2_AES_Installer_Tools_Small_v1_1.o
 .rodata        0x800736b5      0x665 S2_Adagio_System_Info_v1_1.o
 .rodata        0x80073d1a      0x76f S2_Installer_Tools___AudioNet_Setup_v4.o
 .rodata        0x80074489      0x3b9 S2_Installer_Tools___Network___Hostname_Edit_v2.o
 .rodata        0x80074842      0x2e0 S2_Adagio_OOTBF_Group_Evaluator_v1.o
 .rodata        0x80074b22     0x109f S2_AES_OOTBF_XML_Functions_v2_0_0.o
 .rodata        0x80075bc1      0x2dc S2_Adagio_OOTBF_Priority_Processor_v1.o
 .rodata        0x80075e9d      0x395 S2_Multiple_Now_Playing_Combiner__10__v2.o
 .rodata        0x80076232      0x750 S2_ATC_Audionet_System_Info_v1_3.o
 .rodata        0x80076982      0x350 S2_text_scroller.o
 .rodata        0x80076cd2      0x34b S2_AMFM_Preset_Scroller_v3.o
 .rodata        0x8007701d      0x235 S2_Adagio_N_of_M_String.o
 .rodata        0x80077252      0x22f S2_Search_Cursor.o
 .rodata        0x80077481      0x240 S2_AMFM_Station.o
 .rodata        0x800776c1      0x387 S2_Adagio_Now_Playing_Combiner.o
 .rodata        0x80077a48      0x23a S2_Adagio_AMFM_Preset_Selector.o
 .rodata        0x80077c82      0x2d4 S2_Adagio_AMFM_GUI_Processor_v1.o
 .rodata        0x80077f56      0x353 S2_AMFM_Guide_Engine_v1_0_0.o
 .rodata        0x800782a9      0x39d S2_AMFM_Large_TP_GUI_Processor_v1_0_2.o
 .rodata        0x80078646      0x303 S2_AMFM_Station_v1_0_2.o
 .rodata        0x80078949      0x757 S2_Now_Playing_Combiner__ISERVER_IDOCV_DSW__v1_0.o
 .rodata        0x800790a0      0x323 S2_Source_Definition_Writer.o
 .rodata        0x800793c3      0x36a S2_Source_Definition_Reader.o
 .rodata        0x8007972d      0x262 S2_RemoteSourceSelect.o
 .rodata        0x8007998f      0x281 S2_AnalogToSerial.o
 .rodata        0x80079c10      0x760 S2_APAD_PL.o
 .rodata        0x8007a370      0xe7e S2_Denon_AVR_2308CI_2808CI_3808CI_4308CI_5805CI_888_988_Processor.o
 .rodata        0x8007b1ee      0x242 S2_Multiple_Serial_Send.o
 .rodata        0x8007b430      0xc54 library.o
 *(.gcc_except_table)
                0x8007c084                .=ALIGN(0x2)
                0x8007c084                __INIT_SECTION__=.
                0x8007c084        0x4 LONG 0x4e560000
 *(.init)
                0x8007c088        0x2 SHORT 0x4e5e
                0x8007c08a        0x2 SHORT 0x4e75
                0x8007c08c                __FINI_SECTION__=.
                0x8007c08c        0x4 LONG 0x4e560000
 *(.fini)
                0x8007c090        0x2 SHORT 0x4e5e
                0x8007c092        0x2 SHORT 0x4e75
 *(.lit)
 *fill*         0x8007c094        0xc
                0x8007c0a0                .=ALIGN(0x10)
                0x8007c0a0                _etext=.
                0x8007c0a0                etext=.

.data           0x8007c0a0        0x0
                0x8007c0a0                copy_start=.
 *(.shdata)
 *(.data)
 *(.gnu.linkonce.d.*)
                0x8007c0a0                .=ALIGN(0x10)
                0x8007c0a0                _edata=.
                0x8007c0a0                copy_end=.

.got
 *(.got.plt)
 *(.got)

EntryList       0x8007c0a0     0x2860
 *(EntryList)
 EntryList      0x8007c0a0      0x110 S2_NewOld_v1_2.o
                0x8007c0a0                S2_NewOld_v1_2_Entry
 EntryList      0x8007c1b0      0x110 S2_timedate_display.o
                0x8007c1b0                S2_timedate_display_Entry
 EntryList      0x8007c2c0      0x110 S2_Knob_Acceleration__Pkt_.o
                0x8007c2c0                S2_Knob_Acceleration__Pkt__Entry
 EntryList      0x8007c3d0      0x110 S2_AES_OOTBF_Source_Mode_v1_1.o
                0x8007c3d0                S2_AES_OOTBF_Source_Mode_v1_1_Entry
 EntryList      0x8007c4e0      0x110 S2_AES_OOTBF_Room_Mode_v1_2.o
                0x8007c4e0                S2_AES_OOTBF_Room_Mode_v1_2_Entry
 EntryList      0x8007c5f0      0x110 S2_Knob_Acceleration__Sleep_Timer__v1_0.o
                0x8007c5f0                S2_Knob_Acceleration__Sleep_Timer__v1_0_Entry
 EntryList      0x8007c700      0x110 S2_Adagio_Group_Editor_v1_0_1.o
                0x8007c700                S2_Adagio_Group_Editor_v1_0_1_Entry
 EntryList      0x8007c810      0x110 S2_AES_OOTBF_Group_Source_Selector_v1_0.o
                0x8007c810                S2_AES_OOTBF_Group_Source_Selector_v1_0_Entry
 EntryList      0x8007c920      0x110 S2_APAD_Text_Edit.o
                0x8007c920                S2_APAD_Text_Edit_Entry
 EntryList      0x8007ca30      0x110 S2_AADS_OOTBF_Text_Scroller_v1.o
                0x8007ca30                S2_AADS_OOTBF_Text_Scroller_v1_Entry
 EntryList      0x8007cb40      0x110 S2_AES_Installer_Tools_Small_v1_1.o
                0x8007cb40                S2_AES_Installer_Tools_Small_v1_1_Entry
 EntryList      0x8007cc50      0x110 S2_Adagio_System_Info_v1_1.o
                0x8007cc50                S2_Adagio_System_Info_v1_1_Entry
 EntryList      0x8007cd60      0x110 S2_Installer_Tools___AudioNet_Setup_v4.o
                0x8007cd60                S2_Installer_Tools___AudioNet_Setup_v4_Entry
 EntryList      0x8007ce70      0x110 S2_Installer_Tools___Network___Hostname_Edit_v2.o
                0x8007ce70                S2_Installer_Tools___Network___Hostname_Edit_v2_Entry
 EntryList      0x8007cf80      0x110 S2_Adagio_OOTBF_Group_Evaluator_v1.o
                0x8007cf80                S2_Adagio_OOTBF_Group_Evaluator_v1_Entry
 EntryList      0x8007d090      0x110 S2_AES_OOTBF_XML_Functions_v2_0_0.o
                0x8007d090                S2_AES_OOTBF_XML_Functions_v2_0_0_Entry
 EntryList      0x8007d1a0      0x110 S2_Adagio_OOTBF_Priority_Processor_v1.o
                0x8007d1a0                S2_Adagio_OOTBF_Priority_Processor_v1_Entry
 EntryList      0x8007d2b0      0x110 S2_Multiple_Now_Playing_Combiner__10__v2.o
                0x8007d2b0                __v2_Entry::S2_Multiple_Now_Playing_Combiner(void)
 EntryList      0x8007d3c0      0x110 S2_ATC_Audionet_System_Info_v1_3.o
                0x8007d3c0                S2_ATC_Audionet_System_Info_v1_3_Entry
 EntryList      0x8007d4d0      0x110 S2_text_scroller.o
                0x8007d4d0                S2_text_scroller_Entry
 EntryList      0x8007d5e0      0x110 S2_AMFM_Preset_Scroller_v3.o
                0x8007d5e0                S2_AMFM_Preset_Scroller_v3_Entry
 EntryList      0x8007d6f0      0x110 S2_Adagio_N_of_M_String.o
                0x8007d6f0                S2_Adagio_N_of_M_String_Entry
 EntryList      0x8007d800      0x110 S2_Search_Cursor.o
                0x8007d800                S2_Search_Cursor_Entry
 EntryList      0x8007d910      0x110 S2_AMFM_Station.o
                0x8007d910                S2_AMFM_Station_Entry
 EntryList      0x8007da20      0x110 S2_Adagio_Now_Playing_Combiner.o
                0x8007da20                S2_Adagio_Now_Playing_Combiner_Entry
 EntryList      0x8007db30      0x110 S2_Adagio_AMFM_Preset_Selector.o
                0x8007db30                S2_Adagio_AMFM_Preset_Selector_Entry
 EntryList      0x8007dc40      0x110 S2_Adagio_AMFM_GUI_Processor_v1.o
                0x8007dc40                S2_Adagio_AMFM_GUI_Processor_v1_Entry
 EntryList      0x8007dd50      0x110 S2_AMFM_Guide_Engine_v1_0_0.o
                0x8007dd50                S2_AMFM_Guide_Engine_v1_0_0_Entry
 EntryList      0x8007de60      0x110 S2_AMFM_Large_TP_GUI_Processor_v1_0_2.o
                0x8007de60                S2_AMFM_Large_TP_GUI_Processor_v1_0_2_Entry
 EntryList      0x8007df70      0x110 S2_AMFM_Station_v1_0_2.o
                0x8007df70                S2_AMFM_Station_v1_0_2_Entry
 EntryList      0x8007e080      0x110 S2_Now_Playing_Combiner__ISERVER_IDOCV_DSW__v1_0.o
                0x8007e080                S2_Now_Playing_Combiner__ISERVER_IDOCV_DSW__v1_0_Entry
 EntryList      0x8007e190      0x110 S2_Source_Definition_Writer.o
                0x8007e190                S2_Source_Definition_Writer_Entry
 EntryList      0x8007e2a0      0x110 S2_Source_Definition_Reader.o
                0x8007e2a0                S2_Source_Definition_Reader_Entry
 EntryList      0x8007e3b0      0x110 S2_RemoteSourceSelect.o
                0x8007e3b0                S2_RemoteSourceSelect_Entry
 EntryList      0x8007e4c0      0x110 S2_AnalogToSerial.o
                0x8007e4c0                S2_AnalogToSerial_Entry
 EntryList      0x8007e5d0      0x110 S2_APAD_PL.o
                0x8007e5d0                S2_APAD_PL_Entry
 EntryList      0x8007e6e0      0x110 S2_Denon_AVR_2308CI_2808CI_3808CI_4308CI_5805CI_888_988_Processor.o
                0x8007e6e0                S2_Denon_AVR_2308CI_2808CI_3808CI_4308CI_5805CI_888_988_Processor_Entry
 EntryList      0x8007e7f0      0x110 S2_Multiple_Serial_Send.o
                0x8007e7f0                S2_Multiple_Serial_Send_Entry
                0x8007e900                .=ALIGN(0x4)

FunctionList    0x8007e900        0x4
 *(FunctionList)
 FunctionList   0x8007e900        0x4 globals.o
                0x8007e900                g_pFunctions
                0x8007e904                .=ALIGN(0x4)

.bss            0x8007e904        0x0
                0x8007e904                .=ALIGN(0x4)
                0x8007e904                __bss_start=.
 *(.shbss)
 *(.bss)
 *(COMMON)
                0x8007e908                _end=ALIGN(0x8)
                0x8007e908                __end=_end

.stab
 *(.stab)

.stabstr
 *(.stabstr)

.debug
 *(.debug)

.line
 *(.line)

.debug_srcinfo
 *(.debug_srcinfo)

.debug_sfnames
 *(.debug_sfnames)

.debug_aranges
 *(.debug_aranges)

.debug_pubnames
 *(.debug_pubnames)

.debug_info
 *(.debug_info)

.debug_abbrev
 *(.debug_abbrev)

.debug_line
 *(.debug_line)

.debug_frame
 *(.debug_frame)

.debug_str
 *(.debug_str)

.debug_loc
 *(.debug_loc)

.debug_macinfo
 *(.debug_macinfo)

.debug_weaknames
 *(.debug_weaknames)

.debug_funcnames
 *(.debug_funcnames)

.debug_typenames
 *(.debug_typenames)

.debug_varnames
 *(.debug_varnames)
LOAD S2_NewOld_v1_2.o
LOAD S2_timedate_display.o
LOAD S2_Knob_Acceleration__Pkt_.o
LOAD S2_AES_OOTBF_Source_Mode_v1_1.o
LOAD S2_AES_OOTBF_Room_Mode_v1_2.o
LOAD S2_Knob_Acceleration__Sleep_Timer__v1_0.o
LOAD S2_Adagio_Group_Editor_v1_0_1.o
LOAD S2_AES_OOTBF_Group_Source_Selector_v1_0.o
LOAD S2_APAD_Text_Edit.o
LOAD S2_AADS_OOTBF_Text_Scroller_v1.o
LOAD S2_AES_Installer_Tools_Small_v1_1.o
LOAD S2_Adagio_System_Info_v1_1.o
LOAD S2_Installer_Tools___AudioNet_Setup_v4.o
LOAD S2_Installer_Tools___Network___Hostname_Edit_v2.o
LOAD S2_Adagio_OOTBF_Group_Evaluator_v1.o
LOAD S2_AES_OOTBF_XML_Functions_v2_0_0.o
LOAD S2_Adagio_OOTBF_Priority_Processor_v1.o
LOAD S2_Multiple_Now_Playing_Combiner__10__v2.o
LOAD S2_ATC_Audionet_System_Info_v1_3.o
LOAD S2_text_scroller.o
LOAD S2_AMFM_Preset_Scroller_v3.o
LOAD S2_Adagio_N_of_M_String.o
LOAD S2_Search_Cursor.o
LOAD S2_AMFM_Station.o
LOAD S2_Adagio_Now_Playing_Combiner.o
LOAD S2_Adagio_AMFM_Preset_Selector.o
LOAD S2_Adagio_AMFM_GUI_Processor_v1.o
LOAD S2_AMFM_Guide_Engine_v1_0_0.o
LOAD S2_AMFM_Large_TP_GUI_Processor_v1_0_2.o
LOAD S2_AMFM_Station_v1_0_2.o
LOAD S2_Now_Playing_Combiner__ISERVER_IDOCV_DSW__v1_0.o
LOAD S2_Source_Definition_Writer.o
LOAD S2_Source_Definition_Reader.o
LOAD S2_RemoteSourceSelect.o
LOAD S2_AnalogToSerial.o
LOAD S2_APAD_PL.o
LOAD S2_Denon_AVR_2308CI_2808CI_3808CI_4308CI_5805CI_888_988_Processor.o
LOAD S2_Multiple_Serial_Send.o
LOAD globals.o
LOAD library.o
OUTPUT(_S2_Biskupice_AES.spl elf32-m68k)

.comment        0x8007e904      0x5f0
 .comment       0x8007e904       0x26 S2_NewOld_v1_2.o
 .comment       0x8007e92a       0x26 S2_timedate_display.o
 .comment       0x8007e950       0x26 S2_Knob_Acceleration__Pkt_.o
 .comment       0x8007e976       0x26 S2_AES_OOTBF_Source_Mode_v1_1.o
 .comment       0x8007e99c       0x26 S2_AES_OOTBF_Room_Mode_v1_2.o
 .comment       0x8007e9c2       0x26 S2_Knob_Acceleration__Sleep_Timer__v1_0.o
 .comment       0x8007e9e8       0x26 S2_Adagio_Group_Editor_v1_0_1.o
 .comment       0x8007ea0e       0x26 S2_AES_OOTBF_Group_Source_Selector_v1_0.o
 .comment       0x8007ea34       0x26 S2_APAD_Text_Edit.o
 .comment       0x8007ea5a       0x26 S2_AADS_OOTBF_Text_Scroller_v1.o
 .comment       0x8007ea80       0x26 S2_AES_Installer_Tools_Small_v1_1.o
 .comment       0x8007eaa6       0x26 S2_Adagio_System_Info_v1_1.o
 .comment       0x8007eacc       0x26 S2_Installer_Tools___AudioNet_Setup_v4.o
 .comment       0x8007eaf2       0x26 S2_Installer_Tools___Network___Hostname_Edit_v2.o
 .comment       0x8007eb18       0x26 S2_Adagio_OOTBF_Group_Evaluator_v1.o
 .comment       0x8007eb3e       0x26 S2_AES_OOTBF_XML_Functions_v2_0_0.o
 .comment       0x8007eb64       0x26 S2_Adagio_OOTBF_Priority_Processor_v1.o
 .comment       0x8007eb8a       0x26 S2_Multiple_Now_Playing_Combiner__10__v2.o
 .comment       0x8007ebb0       0x26 S2_ATC_Audionet_System_Info_v1_3.o
 .comment       0x8007ebd6       0x26 S2_text_scroller.o
 .comment       0x8007ebfc       0x26 S2_AMFM_Preset_Scroller_v3.o
 .comment       0x8007ec22       0x26 S2_Adagio_N_of_M_String.o
 .comment       0x8007ec48       0x26 S2_Search_Cursor.o
 .comment       0x8007ec6e       0x26 S2_AMFM_Station.o
 .comment       0x8007ec94       0x26 S2_Adagio_Now_Playing_Combiner.o
 .comment       0x8007ecba       0x26 S2_Adagio_AMFM_Preset_Selector.o
 .comment       0x8007ece0       0x26 S2_Adagio_AMFM_GUI_Processor_v1.o
 .comment       0x8007ed06       0x26 S2_AMFM_Guide_Engine_v1_0_0.o
 .comment       0x8007ed2c       0x26 S2_AMFM_Large_TP_GUI_Processor_v1_0_2.o
 .comment       0x8007ed52       0x26 S2_AMFM_Station_v1_0_2.o
 .comment       0x8007ed78       0x26 S2_Now_Playing_Combiner__ISERVER_IDOCV_DSW__v1_0.o
 .comment       0x8007ed9e       0x26 S2_Source_Definition_Writer.o
 .comment       0x8007edc4       0x26 S2_Source_Definition_Reader.o
 .comment       0x8007edea       0x26 S2_RemoteSourceSelect.o
 .comment       0x8007ee10       0x26 S2_AnalogToSerial.o
 .comment       0x8007ee36       0x26 S2_APAD_PL.o
 .comment       0x8007ee5c       0x26 S2_Denon_AVR_2308CI_2808CI_3808CI_4308CI_5805CI_888_988_Processor.o
 .comment       0x8007ee82       0x26 S2_Multiple_Serial_Send.o
 .comment       0x8007eea8       0x26 globals.o
 .comment       0x8007eece       0x26 library.o
